// Jest Snapshot v1, https://goo.gl/fbAQLP

exports[`matches snapshot 1`] = `
<div>
  <div
    class="Card"
  >
    <h4
      class="Card-title"
    >
      testing image 2
    </h4>
    <img
      alt="testing image 2"
      class="Card-image"
      src="test2.com"
    />
    <small
      class="Card-small"
    >
      Image 
      2
       of 
      3
      .
    </small>
  </div>
</div>
`;
